---
source: glance-lib/src/index/tests.rs
expression: data
snapshot_kind: text
---
- filepath: "../test-media/exif-images/Canon_40D.jpg"
  size: 7958
  format: Joint Photographic Experts Group
  created: "2008-05-30T15:56:01Z"
  modified: "[datetime]"
  location: ~
  device: Canon EOS 40D
  hash:
    - 114
    - 186
    - 241
    - 199
    - 172
    - 183
    - 29
    - 197
    - 16
    - 139
    - 210
    - 80
    - 59
    - 100
    - 228
    - 246
    - 210
    - 61
    - 45
    - 235
    - 249
    - 30
    - 255
    - 37
    - 167
    - 167
    - 45
    - 229
    - 232
    - 72
    - 232
    - 7
- filepath: "../test-media/exif-images/Nikon_D70.jpg"
  size: 14034
  format: Joint Photographic Experts Group
  created: "2008-03-15T09:52:01Z"
  modified: "[datetime]"
  location: ~
  device: NIKON D70
  hash:
    - 9
    - 137
    - 37
    - 223
    - 78
    - 128
    - 58
    - 208
    - 244
    - 168
    - 49
    - 137
    - 60
    - 34
    - 26
    - 29
    - 35
    - 95
    - 57
    - 5
    - 58
    - 98
    - 214
    - 255
    - 210
    - 58
    - 181
    - 66
    - 124
    - 29
    - 96
    - 234
- filepath: "../test-media/exif-images/beach.jpg"
  size: 2076392
  format: Joint Photographic Experts Group
  created: "2022-02-26T15:23:43Z"
  modified: "[datetime]"
  location: "Santa Barbara, California"
  device: G60
  hash:
    - 171
    - 178
    - 155
    - 136
    - 100
    - 182
    - 67
    - 212
    - 75
    - 125
    - 129
    - 221
    - 23
    - 95
    - 220
    - 233
    - 41
    - 116
    - 18
    - 93
    - 50
    - 40
    - 52
    - 109
    - 202
    - 163
    - 114
    - 46
    - 199
    - 91
    - 17
    - 107
- filepath: "../test-media/images/ferris.jpg"
  size: 14737
  format: Joint Photographic Experts Group
  created: ~
  modified: "[datetime]"
  location: ~
  device: ~
  hash:
    - 210
    - 104
    - 77
    - 117
    - 84
    - 13
    - 7
    - 243
    - 239
    - 29
    - 179
    - 60
    - 3
    - 63
    - 103
    - 232
    - 149
    - 237
    - 88
    - 232
    - 160
    - 174
    - 70
    - 169
    - 58
    - 96
    - 124
    - 12
    - 29
    - 27
    - 87
    - 91
- filepath: "../test-media/images/ferris.png"
  size: 5380
  format: Portable Network Graphics
  created: ~
  modified: "[datetime]"
  location: ~
  device: ~
  hash:
    - 9
    - 197
    - 77
    - 123
    - 154
    - 135
    - 163
    - 207
    - 1
    - 196
    - 144
    - 188
    - 114
    - 201
    - 36
    - 4
    - 158
    - 61
    - 217
    - 75
    - 101
    - 29
    - 231
    - 200
    - 19
    - 213
    - 44
    - 165
    - 167
    - 211
    - 85
    - 177
- filepath: "../test-media/rust-logo.png"
  size: 34593
  format: Portable Network Graphics
  created: ~
  modified: "[datetime]"
  location: ~
  device: ~
  hash:
    - 220
    - 231
    - 143
    - 108
    - 82
    - 91
    - 15
    - 147
    - 47
    - 110
    - 114
    - 178
    - 86
    - 206
    - 64
    - 154
    - 235
    - 108
    - 125
    - 86
    - 129
    - 201
    - 150
    - 61
    - 116
    - 54
    - 45
    - 51
    - 211
    - 66
    - 86
    - 39
